<script type="text/javascript" language="JavaScript1.2">
<!--
hightlightItems=[];
function _lightItem(i){var 	rc=stgRc(i._layer),p=i.parP,frmRc=[0,0,0,0];if(p.frm){var frm;if(frm=document.all[p.frm])frmRc=stgRc(frm);else return;}i._winkborder.style.left=(rc[0]-2+frmRc[0])+"px";i._winkborder.style.top=(rc[1]-2+frmRc[1])+"px";var ds=document.compatMode=="CSS1Compat"?0:(2*2);i._winkborder.style.width=(rc[2]+ds)+"px";i._winkborder.style.height=(rc[3]+ds)+"px";i._winkborder.style.visibility="visible";}
function _autoshow(it){var p=it.parP,ps=[];while(p){ps.push(p);if(!p.parI) break;p=p.parI.parP;	}for(var i=ps.length-1;i>=0;i--){ps[i].lock=0;stshP(ps[i]);}if(it.subP){it.subP.lock=0;stshP(it.subP);}}
function _designItem(f,s){var m,i;for(var j=1;j<arguments.length;j++){if(!(m=stgMe(arguments[j][0]))) continue;i=m.ps[arguments[j][1]].is[arguments[j][2]];hightlightItems.push(i);_autoshow(i);if(!i._layer) continue;i._rc=stgRc(i._layer);if(f){var ds="<div id='winkborder"+j+"' style='border:2px solid red;visibility:hidden;position:absolute;z-index:"+(i.parP.zid+1)+";left:0px;top:-9999px;font-size:1pt;overflow:hidden;"+stgCur(i.lnk?i.cur[1]:i.cur[0])+"'"+stgEnt(i)+"><img src='"+m.bnk+"' width=100% height=100%></div>";document.body.insertAdjacentHTML("beforeEnd",ds);i._winkborder=document.all["winkborder"+j];_lightItem(i);}}if(!m)return;for(var j=0;j<m.ps.length;j++) m.ps[j].lock=1;if(i&&i._layer) _scrollwindow(i)}
function _scrollwindow(i){var hw=parseInt(stgcw()/2),hh=parseInt(stgch()/2),rc=i._rc;if(rc[0]<0||rc[1]<0)setTimeout("_scrollwindow(st_ms["+i.mid+"].ps["+i.pid+"].is["+i.id+"])",100);else scrollTo(rc[0]-hw,rc[1]-hh);}
function _designMode(){STM_FILTER=0;STM_SCROLL=0;STM_SLIP=0;for(var j=0;j<st_ms.length;j++){var m= st_ms[j];m.deSH=0;m.deSV=0;m.cks=0 }onresize=_movehightlightBorder;}
function _movehightlightBorder(){var i,p;for(var j=0;j<hightlightItems.length;j++){i=hightlightItems[j];p=i.parP;if(p.isSt&&p.hal){_lightItem(i);}}}
function hideMenu(n){var m;if((m=stgMe(n))&&st_nav.typ!=4)sthdPX(m.ps[0])}
function stgPxy(p){		var m=st_ms[p.mid],mx=eval(m.x),my=eval(m.y);mx=isNaN(mx)?0:mx;my=isNaN(my)?0:my;	var irc=p.parI?stgRc(p.parI._layer):[mx,my,0,0],prc=stgRc(p._shell),xd=p.dir&3,yd=(p.dir&12)/4,x=y=0,win=window,cf=p.frm&&p.frm!=window.name;var xd=p.dir&3,yd=(p.dir&12)/4;if(cf)win=stgtfrm(m);var cl=stgcl(win),ct=stgct(win),cw=stgcw(win),ch=stgch(win);switch(xd){case 0:x=irc[0]-prc[2];break;case 1:x=irc[0];break;case 2:x=irc[0]+irc[2]-prc[2];break;case 3:x=irc[0]+irc[2];}switch(yd){case 0:y=irc[1]-prc[3];break;case 1:y=irc[1];break;case 2:y=irc[1]+irc[3]-prc[3];break;case 3:y=irc[1]+irc[3];}if(cf&&p.frm!=p.parI.frm){switch(m.cfD){case 0:y=0;break;case 1:y=ch-prc[3];break;case 2:x=0;break;case 3:x=cw-prc[2];break;}x+=cl;y+=ct;x=x+m.cfX;y=y+m.cfY;if(m.sfrn){var wcl=stgcl(),wct=stgct();if(!m.cfD||m.cfD==1)x-=wcl;if(m.cfD==2||m.cfD==3)y-=wct;}}y+=p.offY;x+=p.offX;x-=xd?p.stre:0;y-=yd?p.stre:0;	p._rc=[x,y,prc[2],prc[3]];return [x,y]}_designMode();
